[profile-ui] browser:Edge
[profile-ui] devtools-port:7808
[profile-ui] extension:fjihhjdfhibclobajkokjmhkhdhcmmpn
[profile-ui] targets:options+settings-ready
[profile-ui] options:default:navigate
[profile-ui] options:default:setup
[profile-ui] options:default:reload
[profile-ui] options:default:metrics-start
[profile-ui] options:default:workload
[profile-ui] options:default:done
[profile-ui] options:default:summary:{"loadMs":1305.3999999985099,"fcpMs":840,"domNodes":5081,"heapUsedMb":2.71,"taskDelta":0.144,"layoutDelta":0.003,"recalcDelta":0.015}
[profile-ui] options:low_gpu:navigate
[profile-ui] options:low_gpu:setup
[profile-ui] options:low_gpu:reload
[profile-ui] options:low_gpu:metrics-start
[profile-ui] options:low_gpu:workload
[profile-ui] options:low_gpu:done
[profile-ui] options:low_gpu:summary:{"loadMs":202,"fcpMs":null,"domNodes":4835,"heapUsedMb":3.14,"taskDelta":0.117,"layoutDelta":0.008,"recalcDelta":0.01}
[profile-ui] options:all-done
[profile-ui] settings:default:navigate
[profile-ui] settings:default:setup
[profile-ui] settings:default:reload
[profile-ui] settings:default:ready-check
[profile-ui] settings:default:metrics-start
[profile-ui] settings:default:workload
[profile-ui] settings:default:done
[profile-ui] settings:default:summary:{"loadMs":132.10000000149012,"fcpMs":296,"domNodes":6332,"heapUsedMb":3.03,"taskDelta":0.125,"layoutDelta":0.069,"recalcDelta":0.013}
[profile-ui] settings:low_gpu:navigate
[profile-ui] settings:low_gpu:setup
[profile-ui] settings:low_gpu:reload
[profile-ui] settings:low_gpu:ready-check
[profile-ui] settings:low_gpu:metrics-start
[profile-ui] settings:low_gpu:workload
[profile-ui] settings:low_gpu:done
[profile-ui] settings:low_gpu:summary:{"loadMs":125.10000000149012,"fcpMs":216,"domNodes":6330,"heapUsedMb":3.36,"taskDelta":0.119,"layoutDelta":0.033,"recalcDelta":0.015}
[profile-ui] settings:all-done
[profile-ui] output:G:\BAHAN CODING\SIOUX BYPASSER 2026\runtime-artifacts\ui-performance-profile-2026-04-02T15-22-02-785Z.json
